Archive member included to satisfy reference by file (symbol)

C:/NXP/S32DS.3.5/S32DS/build_tools/gcc_b1620/gcc-6.3-arm32-eabi/arm-none-eabi/newlib/lib/thumb/v7e-m/fpv4-sp/hard\libc_nano.a(lib_a-exit.o)
                              C:/NXP/S32DS.3.5/S32DS/build_tools/gcc_b1620/gcc-6.3-arm32-eabi/arm-none-eabi/newlib/lib/thumb/v7e-m/fpv4-sp/hard/crt0.o (exit)
C:/NXP/S32DS.3.5/S32DS/build_tools/gcc_b1620/gcc-6.3-arm32-eabi/arm-none-eabi/newlib/lib/thumb/v7e-m/fpv4-sp/hard\libc_nano.a(lib_a-impure.o)
                              C:/NXP/S32DS.3.5/S32DS/build_tools/gcc_b1620/gcc-6.3-arm32-eabi/arm-none-eabi/newlib/lib/thumb/v7e-m/fpv4-sp/hard\libc_nano.a(lib_a-exit.o) (_global_impure_ptr)
C:/NXP/S32DS.3.5/S32DS/build_tools/gcc_b1620/gcc-6.3-arm32-eabi/arm-none-eabi/newlib/lib/thumb/v7e-m/fpv4-sp/hard\libc_nano.a(lib_a-init.o)
                              C:/NXP/S32DS.3.5/S32DS/build_tools/gcc_b1620/gcc-6.3-arm32-eabi/arm-none-eabi/newlib/lib/thumb/v7e-m/fpv4-sp/hard/crt0.o (__libc_init_array)
C:/NXP/S32DS.3.5/S32DS/build_tools/gcc_b1620/gcc-6.3-arm32-eabi/arm-none-eabi/newlib/lib/thumb/v7e-m/fpv4-sp/hard\libc_nano.a(lib_a-memset.o)
                              C:/NXP/S32DS.3.5/S32DS/build_tools/gcc_b1620/gcc-6.3-arm32-eabi/arm-none-eabi/newlib/lib/thumb/v7e-m/fpv4-sp/hard/crt0.o (memset)
C:/NXP/S32DS.3.5/S32DS/build_tools/gcc_b1620/gcc-6.3-arm32-eabi/arm-none-eabi/newlib/lib/thumb/v7e-m/fpv4-sp/hard\libnosys.a(_exit.o)
                              C:/NXP/S32DS.3.5/S32DS/build_tools/gcc_b1620/gcc-6.3-arm32-eabi/arm-none-eabi/newlib/lib/thumb/v7e-m/fpv4-sp/hard\libc_nano.a(lib_a-exit.o) (_exit)

Discarded input sections

 .text          0x00000000        0x0 c:/nxp/s32ds.3.5/s32ds/build_tools/gcc_b1620/gcc-6.3-arm32-eabi/bin/../lib/gcc/arm-none-eabi/6.3.1/thumb/v7e-m/fpv4-sp/hard/crti.o
 .data          0x00000000        0x0 c:/nxp/s32ds.3.5/s32ds/build_tools/gcc_b1620/gcc-6.3-arm32-eabi/bin/../lib/gcc/arm-none-eabi/6.3.1/thumb/v7e-m/fpv4-sp/hard/crti.o
 .bss           0x00000000        0x0 c:/nxp/s32ds.3.5/s32ds/build_tools/gcc_b1620/gcc-6.3-arm32-eabi/bin/../lib/gcc/arm-none-eabi/6.3.1/thumb/v7e-m/fpv4-sp/hard/crti.o
 .text          0x00000000       0xa4 c:/nxp/s32ds.3.5/s32ds/build_tools/gcc_b1620/gcc-6.3-arm32-eabi/bin/../lib/gcc/arm-none-eabi/6.3.1/thumb/v7e-m/fpv4-sp/hard/crtbegin.o
 .data          0x00000000        0x4 c:/nxp/s32ds.3.5/s32ds/build_tools/gcc_b1620/gcc-6.3-arm32-eabi/bin/../lib/gcc/arm-none-eabi/6.3.1/thumb/v7e-m/fpv4-sp/hard/crtbegin.o
 .bss           0x00000000       0x1c c:/nxp/s32ds.3.5/s32ds/build_tools/gcc_b1620/gcc-6.3-arm32-eabi/bin/../lib/gcc/arm-none-eabi/6.3.1/thumb/v7e-m/fpv4-sp/hard/crtbegin.o
 .init_array    0x00000000        0x4 c:/nxp/s32ds.3.5/s32ds/build_tools/gcc_b1620/gcc-6.3-arm32-eabi/bin/../lib/gcc/arm-none-eabi/6.3.1/thumb/v7e-m/fpv4-sp/hard/crtbegin.o
 .fini_array    0x00000000        0x4 c:/nxp/s32ds.3.5/s32ds/build_tools/gcc_b1620/gcc-6.3-arm32-eabi/bin/../lib/gcc/arm-none-eabi/6.3.1/thumb/v7e-m/fpv4-sp/hard/crtbegin.o
 .eh_frame      0x00000000        0x0 c:/nxp/s32ds.3.5/s32ds/build_tools/gcc_b1620/gcc-6.3-arm32-eabi/bin/../lib/gcc/arm-none-eabi/6.3.1/thumb/v7e-m/fpv4-sp/hard/crtbegin.o
 .jcr           0x00000000        0x0 c:/nxp/s32ds.3.5/s32ds/build_tools/gcc_b1620/gcc-6.3-arm32-eabi/bin/../lib/gcc/arm-none-eabi/6.3.1/thumb/v7e-m/fpv4-sp/hard/crtbegin.o
 .tm_clone_table
                0x00000000        0x0 c:/nxp/s32ds.3.5/s32ds/build_tools/gcc_b1620/gcc-6.3-arm32-eabi/bin/../lib/gcc/arm-none-eabi/6.3.1/thumb/v7e-m/fpv4-sp/hard/crtbegin.o
 .comment       0x00000000       0x7f c:/nxp/s32ds.3.5/s32ds/build_tools/gcc_b1620/gcc-6.3-arm32-eabi/bin/../lib/gcc/arm-none-eabi/6.3.1/thumb/v7e-m/fpv4-sp/hard/crtbegin.o
 .ARM.attributes
                0x00000000       0x34 c:/nxp/s32ds.3.5/s32ds/build_tools/gcc_b1620/gcc-6.3-arm32-eabi/bin/../lib/gcc/arm-none-eabi/6.3.1/thumb/v7e-m/fpv4-sp/hard/crtbegin.o
 .text          0x00000000       0x7c C:/NXP/S32DS.3.5/S32DS/build_tools/gcc_b1620/gcc-6.3-arm32-eabi/arm-none-eabi/newlib/lib/thumb/v7e-m/fpv4-sp/hard/crt0.o
 .data          0x00000000        0x0 C:/NXP/S32DS.3.5/S32DS/build_tools/gcc_b1620/gcc-6.3-arm32-eabi/arm-none-eabi/newlib/lib/thumb/v7e-m/fpv4-sp/hard/crt0.o
 .bss           0x00000000        0x0 C:/NXP/S32DS.3.5/S32DS/build_tools/gcc_b1620/gcc-6.3-arm32-eabi/arm-none-eabi/newlib/lib/thumb/v7e-m/fpv4-sp/hard/crt0.o
 .ARM.extab     0x00000000        0x0 C:/NXP/S32DS.3.5/S32DS/build_tools/gcc_b1620/gcc-6.3-arm32-eabi/arm-none-eabi/newlib/lib/thumb/v7e-m/fpv4-sp/hard/crt0.o
 .ARM.exidx     0x00000000       0x10 C:/NXP/S32DS.3.5/S32DS/build_tools/gcc_b1620/gcc-6.3-arm32-eabi/arm-none-eabi/newlib/lib/thumb/v7e-m/fpv4-sp/hard/crt0.o
 .ARM.attributes
                0x00000000       0x20 C:/NXP/S32DS.3.5/S32DS/build_tools/gcc_b1620/gcc-6.3-arm32-eabi/arm-none-eabi/newlib/lib/thumb/v7e-m/fpv4-sp/hard/crt0.o
 .data          0x00000000        0x0 ./Project_Settings/Startup_Code/startup_S32K144.o
[...]
Memory Configuration

Name             Origin             Length             Attributes
m_interrupts     0x00000000         0x00000400         xr
m_flash_config   0x00000400         0x00000010         xr
m_text           0x00000410         0x0007fbf0         xr
m_data           0x1fff8000         0x00008000         rw
m_data_2         0x20000000         0x00007000         rw
*default*        0x00000000         0xffffffff

Linker script and memory map

LOAD c:/nxp/s32ds.3.5/s32ds/build_tools/gcc_b1620/gcc-6.3-arm32-eabi/bin/../lib/gcc/arm-none-eabi/6.3.1/thumb/v7e-m/fpv4-sp/hard/crti.o
LOAD c:/nxp/s32ds.3.5/s32ds/build_tools/gcc_b1620/gcc-6.3-arm32-eabi/bin/../lib/gcc/arm-none-eabi/6.3.1/thumb/v7e-m/fpv4-sp/hard/crtbegin.o
LOAD C:/NXP/S32DS.3.5/S32DS/build_tools/gcc_b1620/gcc-6.3-arm32-eabi/arm-none-eabi/newlib/lib/thumb/v7e-m/fpv4-sp/hard/crt0.o
LOAD ./Project_Settings/Startup_Code/startup_S32K144.o
LOAD ./SDK/platform/devices/S32K144/startup/system_S32K144.o
LOAD ./SDK/platform/devices/startup.o
LOAD ./SDK/platform/drivers/src/clock/S32K1xx/clock_S32K1xx.o
LOAD ./SDK/platform/drivers/src/edma/edma_driver.o
LOAD ./SDK/platform/drivers/src/edma/edma_hw_access.o
LOAD ./SDK/platform/drivers/src/edma/edma_irq.o
LOAD ./SDK/platform/drivers/src/flexcan/flexcan_driver.o
LOAD ./SDK/platform/drivers/src/flexcan/flexcan_hw_access.o
LOAD ./SDK/platform/drivers/src/flexcan/flexcan_irq.o
LOAD ./SDK/platform/drivers/src/interrupt/interrupt_manager.o
LOAD ./SDK/platform/drivers/src/pins/pins_driver.o
LOAD ./SDK/platform/drivers/src/pins/pins_port_hw_access.o
LOAD ./SDK/platform/pal/src/can/can_pal.o
LOAD ./SDK/rtos/osif/osif_baremetal.o
LOAD ./board/clock_config.o
LOAD ./board/peripherals_can_pal1.o
LOAD ./board/peripherals_osif1.o
LOAD ./board/pin_mux.o
LOAD ./src/main.o
START GROUP
LOAD c:/nxp/s32ds.3.5/s32ds/build_tools/gcc_b1620/gcc-6.3-arm32-eabi/bin/../lib/gcc/arm-none-eabi/6.3.1/thumb/v7e-m/fpv4-sp/hard\libgcc.a
LOAD C:/NXP/S32DS.3.5/S32DS/build_tools/gcc_b1620/gcc-6.3-arm32-eabi/arm-none-eabi/newlib/lib/thumb/v7e-m/fpv4-sp/hard\libc_nano.a
END GROUP
START GROUP
LOAD c:/nxp/s32ds.3.5/s32ds/build_tools/gcc_b1620/gcc-6.3-arm32-eabi/bin/../lib/gcc/arm-none-eabi/6.3.1/thumb/v7e-m/fpv4-sp/hard\libgcc.a
LOAD C:/NXP/S32DS.3.5/S32DS/build_tools/gcc_b1620/gcc-6.3-arm32-eabi/arm-none-eabi/newlib/lib/thumb/v7e-m/fpv4-sp/hard\libc_nano.a
LOAD C:/NXP/S32DS.3.5/S32DS/build_tools/gcc_b1620/gcc-6.3-arm32-eabi/arm-none-eabi/newlib/lib/thumb/v7e-m/fpv4-sp/hard\libnosys.a
END GROUP
START GROUP
LOAD c:/nxp/s32ds.3.5/s32ds/build_tools/gcc_b1620/gcc-6.3-arm32-eabi/bin/../lib/gcc/arm-none-eabi/6.3.1/thumb/v7e-m/fpv4-sp/hard\libgcc.a
LOAD C:/NXP/S32DS.3.5/S32DS/build_tools/gcc_b1620/gcc-6.3-arm32-eabi/arm-none-eabi/newlib/lib/thumb/v7e-m/fpv4-sp/hard\libc_nano.a
LOAD C:/NXP/S32DS.3.5/S32DS/build_tools/gcc_b1620/gcc-6.3-arm32-eabi/arm-none-eabi/newlib/lib/thumb/v7e-m/fpv4-sp/hard\libnosys.a
END GROUP
LOAD c:/nxp/s32ds.3.5/s32ds/build_tools/gcc_b1620/gcc-6.3-arm32-eabi/bin/../lib/gcc/arm-none-eabi/6.3.1/thumb/v7e-m/fpv4-sp/hard/crtend.o
LOAD c:/nxp/s32ds.3.5/s32ds/build_tools/gcc_b1620/gcc-6.3-arm32-eabi/bin/../lib/gcc/arm-none-eabi/6.3.1/thumb/v7e-m/fpv4-sp/hard/crtn.o
                0x00000400                HEAP_SIZE = DEFINED (__heap_size__)?__heap_size__:0x400
                0x00000400                STACK_SIZE = DEFINED (__stack_size__)?__stack_size__:0x400
                0x00000400                M_VECTOR_RAM_SIZE = DEFINED (__flash_vector_table__)?0x0:0x400

.interrupts     0x00000000      0x400
                0x00000000                __VECTOR_TABLE = .
                0x00000000                __interrupts_start__ = .
                0x00000000                . = ALIGN (0x4)
 *(.isr_vector)
 .isr_vector    0x00000000      0x400 ./Project_Settings/Startup_Code/startup_S32K144.o
                0x00000000                __isr_vector
                0x00000400                __interrupts_end__ = .
                0x00000400                . = ALIGN (0x4)

.flash_config   0x00000400       0x10
                0x00000400                . = ALIGN (0x4)
 *(.FlashConfig)
 .FlashConfig   0x00000400       0x10 ./Project_Settings/Startup_Code/startup_S32K144.o
                0x00000410                . = ALIGN (0x4)

.text           0x00000410     0x3520
                0x00000410                . = ALIGN (0x4)
 *(.text)
 .text          0x00000410       0x6c ./Project_Settings/Startup_Code/startup_S32K144.o
                0x00000410                Reset_Handler
                0x00000478                DebugMon_Handler
                0x00000478                Reserved88_IRQHandler
                0x00000478                HardFault_Handler
                0x00000478                Reserved86_IRQHandler
                0x00000478                Reserved103_IRQHandler
                0x00000478                FTM2_Ovf_Reload_IRQHandler
                0x00000478                Reserved50_IRQHandler
                0x00000478                FTFC_Fault_IRQHandler
                0x00000478                FTM0_Ch6_Ch7_IRQHandler
                0x00000478                Reserved114_IRQHandler
                0x00000478                PendSV_Handler
                0x00000478                NMI_Handler
                0x00000478                Reserved89_IRQHandler
                0x00000478                ERM_double_fault_IRQHandler
                0x00000478                Reserved59_IRQHandler
                0x00000478                LPIT0_Ch0_IRQHandler
                0x00000478                Reserved99_IRQHandler
                0x00000478                FTM3_Ch6_Ch7_IRQHandler
                0x00000478                LPIT0_Ch3_IRQHandler
                0x00000478                Reserved92_IRQHandler
                0x00000478                FTM0_Ch4_Ch5_IRQHandler
                0x00000478                FTM3_Ch0_Ch1_IRQHandler
                0x00000478                SWI_IRQHandler
                0x00000478                ADC0_IRQHandler
                0x00000478                FTM2_Ch4_Ch5_IRQHandler
                0x00000478                UsageFault_Handler
                0x00000478                FTM0_Ovf_Reload_IRQHandler
                0x00000478                DefaultISR
                0x00000478                Reserved58_IRQHandler
                0x00000478                FTM1_Ch2_Ch3_IRQHandler
                0x00000478                Reserved82_IRQHandler
                0x00000478                LPI2C0_Slave_IRQHandler
                0x00000478                Reserved71_IRQHandler
                0x00000478                PORTD_IRQHandler
                0x00000478                Reserved69_IRQHandler
                0x00000478                PORTB_IRQHandler
                0x00000478                Reserved70_IRQHandler
                0x00000478                ADC1_IRQHandler
                0x00000478                FTM2_Ch2_Ch3_IRQHandler
                0x00000478                Reserved53_IRQHandler
                0x00000478                RTC_IRQHandler
                0x00000478                PDB0_IRQHandler
                0x00000478                Reserved54_IRQHandler
                0x00000478                FTM2_Ch6_Ch7_IRQHandler
                0x00000478                FTM3_Ch2_Ch3_IRQHandler
                0x00000478                FTM2_Ch0_Ch1_IRQHandler
                0x00000478                LPSPI1_IRQHandler
                0x00000478                LPUART1_RxTx_IRQHandler
                0x00000478                RTC_Seconds_IRQHandler
                0x00000478                Reserved72_IRQHandler
                0x00000478                Reserved110_IRQHandler
                0x00000478                Reserved107_IRQHandler
                0x00000478                Read_Collision_IRQHandler
                0x00000478                FTFC_IRQHandler
                0x00000478                FTM1_Ch6_Ch7_IRQHandler
                0x00000478                Reserved105_IRQHandler
                0x00000478                LPIT0_Ch1_IRQHandler
                0x00000478                FTM1_Ch4_Ch5_IRQHandler
                0x00000478                FTM3_Ovf_Reload_IRQHandler
                0x00000478                LPUART2_RxTx_IRQHandler
                0x00000478                LPSPI0_IRQHandler
                0x00000478                WDOG_EWM_IRQHandler
                0x00000478                MemManage_Handler
                0x00000478                Reserved90_IRQHandler
                0x00000478                Reserved83_IRQHandler
                0x00000478                FTM0_Fault_IRQHandler
                0x00000478                Reserved48_IRQHandler
                0x00000478                SVC_Handler
                0x00000478                ERM_single_fault_IRQHandler
                0x00000478                FTM2_Fault_IRQHandler
                0x00000478                FTM0_Ch2_Ch3_IRQHandler
                0x00000478                FTM0_Ch0_Ch1_IRQHandler
                0x00000478                FTM3_Fault_IRQHandler
                0x00000478                RCM_IRQHandler
                0x00000478                Reserved100_IRQHandler
                0x00000478                Reserved91_IRQHandler
                0x00000478                SCG_IRQHandler
                0x00000478                PDB1_IRQHandler
                0x00000478                Reserved81_IRQHandler
                0x00000478                Reserved46_IRQHandler
                0x00000478                Reserved45_IRQHandler
                0x00000478                Reserved112_IRQHandler
                0x00000478                LPI2C0_Master_IRQHandler
                0x00000478                FTM1_Fault_IRQHandler
                0x00000478                Reserved106_IRQHandler
                0x00000478                LVD_LVW_IRQHandler
                0x00000478                LPIT0_Ch2_IRQHandler
                0x00000478                PORTA_IRQHandler
                0x00000478                MCM_IRQHandler
                0x00000478                LPSPI2_IRQHandler
                0x00000478                FTM3_Ch4_Ch5_IRQHandler
                0x00000478                PORTE_IRQHandler
                0x00000478                LPUART0_RxTx_IRQHandler
                0x00000478                LPTMR0_IRQHandler
                0x00000478                BusFault_Handler
                0x00000478                Reserved87_IRQHandler
                0x00000478                FTM1_Ovf_Reload_IRQHandler
                0x00000478                Reserved93_IRQHandler
                0x00000478                CMP0_IRQHandler
                0x00000478                Reserved52_IRQHandler
                0x00000478                PORTC_IRQHandler
                0x00000478                FTM1_Ch0_Ch1_IRQHandler
                0x00000478                FLEXIO_IRQHandler
                0x00000478                Reserved113_IRQHandler
 *(.text*)
 .text.SystemInit
                0x0000047c       0x3c ./SDK/platform/devices/S32K144/startup/system_S32K144.o
                0x0000047c                SystemInit
 .text.init_data_bss
                0x000004b8       0xd8 ./SDK/platform/devices/startup.o
                0x000004b8                init_data_bss
 .text.CLOCK_SYS_GetCurrentRunMode
                0x00000590       0x24 ./SDK/platform/drivers/src/clock/S32K1xx/clock_S32K1xx.o
 .text.CLOCK_SYS_GetSysOscFreq
                0x000005b4       0x1c ./SDK/platform/drivers/src/clock/S32K1xx/clock_S32K1xx.o
 .text.CLOCK_SYS_ConfigureSOSC
                0x000005d0      0x12c ./SDK/platform/drivers/src/clock/S32K1xx/clock_S32K1xx.o
 .text.CLOCK_SYS_GetSircFreq
                0x000006fc       0x2c ./SDK/platform/drivers/src/clock/S32K1xx/clock_S32K1xx.o
 .text.CLOCK_SYS_ConfigureSIRC
                0x00000728       0xc4 ./SDK/platform/drivers/src/clock/S32K1xx/clock_S32K1xx.o
 .text.CLOCK_SYS_GetFircFreq
                0x000007ec       0x20 ./SDK/platform/drivers/src/clock/S32K1xx/clock_S32K1xx.o
 .text.CLOCK_SYS_ConfigureFIRC
                0x0000080c       0xb4 ./SDK/platform/drivers/src/clock/S32K1xx/clock_S32K1xx.o
 .text.CLOCK_SYS_GetSysPllFreq
                0x000008c0       0x44 ./SDK/platform/drivers/src/clock/S32K1xx/clock_S32K1xx.o
 .text.CLOCK_SYS_ConfigureSPLL
                0x00000904      0x12c ./SDK/platform/drivers/src/clock/S32K1xx/clock_S32K1xx.o
 .text.CLOCK_SYS_SetSystemClockConfig
                0x00000a30      0x204 ./SDK/platform/drivers/src/clock/S32K1xx/clock_S32K1xx.o
 .text.CLOCK_SYS_TransitionSystemClock
                0x00000c34       0x54 ./SDK/platform/drivers/src/clock/S32K1xx/clock_S32K1xx.o
 .text.CLOCK_DRV_Init
                0x00000c88      0x610 ./SDK/platform/drivers/src/clock/S32K1xx/clock_S32K1xx.o
                0x00000c88                CLOCK_DRV_Init
 .text.EDMA_DRV_ClearIntStatus
                0x00001298       0x20 ./SDK/platform/drivers/src/edma/edma_driver.o
 .text.EDMA_DRV_InstallCallback
                0x000012b8       0x38 ./SDK/platform/drivers/src/edma/edma_driver.o
                0x000012b8                EDMA_DRV_InstallCallback
 .text.EDMA_DRV_IRQHandler
                0x000012f0       0x20 ./SDK/platform/drivers/src/edma/edma_driver.o
                0x000012f0                EDMA_DRV_IRQHandler
 .text.EDMA_DRV_ErrorIRQHandler
                0x00001310       0x40 ./SDK/platform/drivers/src/edma/edma_driver.o
                0x00001310                EDMA_DRV_ErrorIRQHandler
 .text.EDMA_DRV_ConfigSingleBlockTransfer
                0x00001350      0x1f0 ./SDK/platform/drivers/src/edma/edma_driver.o
                0x00001350                EDMA_DRV_ConfigSingleBlockTransfer
 .text.EDMA_DRV_StartChannel
                0x00001540       0x38 ./SDK/platform/drivers/src/edma/edma_driver.o
                0x00001540                EDMA_DRV_StartChannel
 .text.EDMA_DRV_StopChannel
                0x00001578       0x38 ./SDK/platform/drivers/src/edma/edma_driver.o
                0x00001578                EDMA_DRV_StopChannel
 .text.EDMA_DRV_DisableRequestsOnTransferComplete
                0x000015b0       0x58 ./SDK/platform/drivers/src/edma/edma_driver.o
                0x000015b0                EDMA_DRV_DisableRequestsOnTransferComplete
 .text.EDMA_DRV_GetDmaRegBaseAddr
                0x00001608       0x10 ./SDK/platform/drivers/src/edma/edma_driver.o
                0x00001608                EDMA_DRV_GetDmaRegBaseAddr
 .text.EDMA_SetDmaRequestCmd
                0x00001618        0xa ./SDK/platform/drivers/src/edma/edma_hw_access.o
                0x00001618                EDMA_SetDmaRequestCmd
 .text.EDMA_TCDClearReg
                0x00001622       0x4a ./SDK/platform/drivers/src/edma/edma_hw_access.o
                0x00001622                EDMA_TCDClearReg
 .text.EDMA_TCDSetAttribute
                0x0000166c       0x38 ./SDK/platform/drivers/src/edma/edma_hw_access.o
                0x0000166c                EDMA_TCDSetAttribute
 .text.EDMA_TCDSetNbytes
                0x000016a4       0x64 ./SDK/platform/drivers/src/edma/edma_hw_access.o
                0x000016a4                EDMA_TCDSetNbytes
 .text.EDMA_TCDSetMajorCount
                0x00001708       0x68 ./SDK/platform/drivers/src/edma/edma_hw_access.o
                0x00001708                EDMA_TCDSetMajorCount
 .text.DMA0_IRQHandler
                0x00001770        0xa ./SDK/platform/drivers/src/edma/edma_irq.o
                0x00001770                DMA0_IRQHandler
 .text.DMA1_IRQHandler
                0x0000177a        0xa ./SDK/platform/drivers/src/edma/edma_irq.o
                0x0000177a                DMA1_IRQHandler
 .text.DMA2_IRQHandler
                0x00001784        0xa ./SDK/platform/drivers/src/edma/edma_irq.o
                0x00001784                DMA2_IRQHandler
 .text.DMA3_IRQHandler
                0x0000178e        0xa ./SDK/platform/drivers/src/edma/edma_irq.o
                0x0000178e                DMA3_IRQHandler
 .text.DMA4_IRQHandler
                0x00001798        0xa ./SDK/platform/drivers/src/edma/edma_irq.o
                0x00001798                DMA4_IRQHandler
 .text.DMA5_IRQHandler
                0x000017a2        0xa ./SDK/platform/drivers/src/edma/edma_irq.o
                0x000017a2                DMA5_IRQHandler
 .text.DMA6_IRQHandler
                0x000017ac        0xa ./SDK/platform/drivers/src/edma/edma_irq.o
                0x000017ac                DMA6_IRQHandler
 .text.DMA7_IRQHandler
                0x000017b6        0xa ./SDK/platform/drivers/src/edma/edma_irq.o
                0x000017b6                DMA7_IRQHandler
 .text.DMA8_IRQHandler
                0x000017c0        0xa ./SDK/platform/drivers/src/edma/edma_irq.o
                0x000017c0                DMA8_IRQHandler
 .text.DMA9_IRQHandler
                0x000017ca        0xa ./SDK/platform/drivers/src/edma/edma_irq.o
                0x000017ca                DMA9_IRQHandler
 .text.DMA10_IRQHandler
                0x000017d4        0xa ./SDK/platform/drivers/src/edma/edma_irq.o
                0x000017d4                DMA10_IRQHandler
 .text.DMA11_IRQHandler
                0x000017de        0xa ./SDK/platform/drivers/src/edma/edma_irq.o
                0x000017de                DMA11_IRQHandler
 .text.DMA12_IRQHandler
                0x000017e8        0xa ./SDK/platform/drivers/src/edma/edma_irq.o
                0x000017e8                DMA12_IRQHandler
 .text.DMA13_IRQHandler
                0x000017f2        0xa ./SDK/platform/drivers/src/edma/edma_irq.o
                0x000017f2                DMA13_IRQHandler
 .text.DMA14_IRQHandler
                0x000017fc        0xa ./SDK/platform/drivers/src/edma/edma_irq.o
                0x000017fc                DMA14_IRQHandler
 .text.DMA15_IRQHandler
                0x00001806        0xa ./SDK/platform/drivers/src/edma/edma_irq.o
                0x00001806                DMA15_IRQHandler
 .text.DMA_Error_IRQHandler
                0x00001810       0x28 ./SDK/platform/drivers/src/edma/edma_irq.o
                0x00001810                DMA_Error_IRQHandler
 .text.FLEXCAN_SetTimeSegments
                0x00001838       0x4c ./SDK/platform/drivers/src/flexcan/flexcan_driver.o
 .text.FLEXCAN_SetExtendedTimeSegments
                0x00001884       0x50 ./SDK/platform/drivers/src/flexcan/flexcan_driver.o
 .text.FLEXCAN_SetFDTimeSegments
                0x000018d4       0x5c ./SDK/platform/drivers/src/flexcan/flexcan_driver.o
 .text.FLEXCAN_StartSendData
                0x00001930       0xb8 ./SDK/platform/drivers/src/flexcan/flexcan_driver.o
 .text.FLEXCAN_StartRxMessageBufferData
                0x000019e8       0x88 ./SDK/platform/drivers/src/flexcan/flexcan_driver.o
 .text.FLEXCAN_StartRxMessageFifoData
                0x00001a70      0x110 ./SDK/platform/drivers/src/flexcan/flexcan_driver.o
 .text.FLEXCAN_CompleteRxMessageFifoData
                0x00001b80       0xbc ./SDK/platform/drivers/src/flexcan/flexcan_driver.o
 .text.FLEXCAN_CompleteRxFifoDataDMA
                0x00001c3c       0x30 ./SDK/platform/drivers/src/flexcan/flexcan_driver.o
 .text.FLEXCAN_CompleteTransfer
                0x00001c6c       0x3c ./SDK/platform/drivers/src/flexcan/flexcan_driver.o
 .text.FLEXCAN_DRV_Init
                0x00001ca8      0x294 ./SDK/platform/drivers/src/flexcan/flexcan_driver.o
                0x00001ca8                FLEXCAN_DRV_Init
 .text.FLEXCAN_DRV_ConfigTxMb
                0x00001f3c       0x68 ./SDK/platform/drivers/src/flexcan/flexcan_driver.o
                0x00001f3c                FLEXCAN_DRV_ConfigTxMb
 .text.FLEXCAN_DRV_Send
                0x00001fa4       0x60 ./SDK/platform/drivers/src/flexcan/flexcan_driver.o
                0x00001fa4                FLEXCAN_DRV_Send
 .text.FLEXCAN_DRV_ConfigRxMb
                0x00002004       0x9c ./SDK/platform/drivers/src/flexcan/flexcan_driver.o
                0x00002004                FLEXCAN_DRV_ConfigRxMb
 .text.FLEXCAN_DRV_ConfigRxFifo
                0x000020a0       0x40 ./SDK/platform/drivers/src/flexcan/flexcan_driver.o
                0x000020a0                FLEXCAN_DRV_ConfigRxFifo
 .text.FLEXCAN_DRV_Receive
                0x000020e0       0x34 ./SDK/platform/drivers/src/flexcan/flexcan_driver.o
                0x000020e0                FLEXCAN_DRV_Receive
 .text.FLEXCAN_DRV_RxFifo
                0x00002114       0x12 ./SDK/platform/drivers/src/flexcan/flexcan_driver.o
                0x00002114                FLEXCAN_DRV_RxFifo
 *fill*         0x00002126        0x2 
 .text.FLEXCAN_BusOff_IRQHandler
                0x00002128       0x30 ./SDK/platform/drivers/src/flexcan/flexcan_driver.o
                0x00002128                FLEXCAN_BusOff_IRQHandler
 .text.FLEXCAN_IRQHandler
                0x00002158      0x248 ./SDK/platform/drivers/src/flexcan/flexcan_driver.o
                0x00002158                FLEXCAN_IRQHandler
 .text.FLEXCAN_Error_IRQHandler
                0x000023a0       0x30 ./SDK/platform/drivers/src/flexcan/flexcan_driver.o
                0x000023a0                FLEXCAN_Error_IRQHandler
 .text.FLEXCAN_WakeUpHandler
                0x000023d0       0x74 ./SDK/platform/drivers/src/flexcan/flexcan_driver.o
                0x000023d0                FLEXCAN_WakeUpHandler
 .text.FLEXCAN_DRV_GetTransferStatus
                0x00002444       0x2c ./SDK/platform/drivers/src/flexcan/flexcan_driver.o
                0x00002444                FLEXCAN_DRV_GetTransferStatus
 .text.FLEXCAN_ComputePayloadSize
                0x00002470       0x36 ./SDK/platform/drivers/src/flexcan/flexcan_hw_access.o
 *fill*         0x000024a6        0x2 
 .text.FLEXCAN_GetMaxMbNum
                0x000024a8       0x2c ./SDK/platform/drivers/src/flexcan/flexcan_hw_access.o
                0x000024a8                FLEXCAN_GetMaxMbNum
 .text.FLEXCAN_Enable
                0x000024d4       0x2a ./SDK/platform/drivers/src/flexcan/flexcan_hw_access.o
                0x000024d4                FLEXCAN_Enable
 .text.FLEXCAN_Disable
                0x000024fe       0x18 ./SDK/platform/drivers/src/flexcan/flexcan_hw_access.o
                0x000024fe                FLEXCAN_Disable
 *fill*         0x00002516        0x2 
 .text.FLEXCAN_Init
                0x00002518       0x68 ./SDK/platform/drivers/src/flexcan/flexcan_hw_access.o
                0x00002518                FLEXCAN_Init
 .text.FLEXCAN_EnableRxFifo
                0x00002580       0x54 ./SDK/platform/drivers/src/flexcan/flexcan_hw_access.o
                0x00002580                FLEXCAN_EnableRxFifo
 .text.FLEXCAN_SetRxFifoFilter
                0x000025d4      0x1dc ./SDK/platform/drivers/src/flexcan/flexcan_hw_access.o
                0x000025d4                FLEXCAN_SetRxFifoFilter
 .text.FLEXCAN_SetMsgBuffIntCmd
                0x000027b0       0x24 ./SDK/platform/drivers/src/flexcan/flexcan_hw_access.o
                0x000027b0                FLEXCAN_SetMsgBuffIntCmd
 .text.FLEXCAN_ExitFreezeMode
                0x000027d4       0x1a ./SDK/platform/drivers/src/flexcan/flexcan_hw_access.o
                0x000027d4                FLEXCAN_ExitFreezeMode
 .text.FLEXCAN_EnterFreezeMode
                0x000027ee       0x9e ./SDK/platform/drivers/src/flexcan/flexcan_hw_access.o
                0x000027ee                FLEXCAN_EnterFreezeMode
 .text.FLEXCAN_ClearErrIntStatusFlag
                0x0000288c       0x18 ./SDK/platform/drivers/src/flexcan/flexcan_hw_access.o
                0x0000288c                FLEXCAN_ClearErrIntStatusFlag
 .text.FLEXCAN_ClearBusOffIntStatusFlag
                0x000028a4       0x14 ./SDK/platform/drivers/src/flexcan/flexcan_hw_access.o
                0x000028a4                FLEXCAN_ClearBusOffIntStatusFlag
 .text.FLEXCAN_ReadRxFifo
                0x000028b8       0x58 ./SDK/platform/drivers/src/flexcan/flexcan_hw_access.o
                0x000028b8                FLEXCAN_ReadRxFifo
 .text.FLEXCAN_SetOperationMode
                0x00002910       0x5e ./SDK/platform/drivers/src/flexcan/flexcan_hw_access.o
                0x00002910                FLEXCAN_SetOperationMode
 .text.FLEXCAN_IsOutOfRangeMbIdx
                0x0000296e       0x2e ./SDK/platform/drivers/src/flexcan/flexcan_hw_access.o
                0x0000296e                FLEXCAN_IsOutOfRangeMbIdx
 .text.FLEXCAN_SetPayloadSize
                0x0000299c       0x30 ./SDK/platform/drivers/src/flexcan/flexcan_hw_access.o
                0x0000299c                FLEXCAN_SetPayloadSize
 .text.FLEXCAN_GetPayloadSize
                0x000029cc       0x20 ./SDK/platform/drivers/src/flexcan/flexcan_hw_access.o
                0x000029cc                FLEXCAN_GetPayloadSize
 .text.FLEXCAN_GetMsgBuffRegion
                0x000029ec       0x30 ./SDK/platform/drivers/src/flexcan/flexcan_hw_access.o
                0x000029ec                FLEXCAN_GetMsgBuffRegion
 .text.FLEXCAN_SetRxMsgBuff
                0x00002a1c       0xcc ./SDK/platform/drivers/src/flexcan/flexcan_hw_access.o
                0x00002a1c                FLEXCAN_SetRxMsgBuff
 .text.FLEXCAN_LockRxMsgBuff
                0x00002ae8        0xa ./SDK/platform/drivers/src/flexcan/flexcan_hw_access.o
                0x00002ae8                FLEXCAN_LockRxMsgBuff
 *fill*         0x00002af2        0x2 
 .text.FLEXCAN_SetTxMsgBuff
                0x00002af4      0x1b8 ./SDK/platform/drivers/src/flexcan/flexcan_hw_access.o
                0x00002af4                FLEXCAN_SetTxMsgBuff
 .text.FLEXCAN_GetMsgBuff
                0x00002cac       0x92 ./SDK/platform/drivers/src/flexcan/flexcan_hw_access.o
                0x00002cac                FLEXCAN_GetMsgBuff
 .text.FLEXCAN_SetMaxMsgBuffNum
                0x00002d3e       0xaa ./SDK/platform/drivers/src/flexcan/flexcan_hw_access.o
                0x00002d3e                FLEXCAN_SetMaxMsgBuffNum
 .text.CAN0_ORed_IRQHandler
                0x00002de8        0xa ./SDK/platform/drivers/src/flexcan/flexcan_irq.o
                0x00002de8                CAN0_ORed_IRQHandler
 .text.CAN0_Error_IRQHandler
                0x00002df2        0xa ./SDK/platform/drivers/src/flexcan/flexcan_irq.o
                0x00002df2                CAN0_Error_IRQHandler
 .text.CAN0_Wake_Up_IRQHandler
                0x00002dfc        0xa ./SDK/platform/drivers/src/flexcan/flexcan_irq.o
                0x00002dfc                CAN0_Wake_Up_IRQHandler
 .text.CAN0_ORed_0_15_MB_IRQHandler
                0x00002e06        0xa ./SDK/platform/drivers/src/flexcan/flexcan_irq.o
                0x00002e06                CAN0_ORed_0_15_MB_IRQHandler
 .text.CAN0_ORed_16_31_MB_IRQHandler
                0x00002e10        0xa ./SDK/platform/drivers/src/flexcan/flexcan_irq.o
                0x00002e10                CAN0_ORed_16_31_MB_IRQHandler
 .text.CAN1_ORed_IRQHandler
                0x00002e1a        0xa ./SDK/platform/drivers/src/flexcan/flexcan_irq.o
                0x00002e1a                CAN1_ORed_IRQHandler
 .text.CAN1_Error_IRQHandler
                0x00002e24        0xa ./SDK/platform/drivers/src/flexcan/flexcan_irq.o
                0x00002e24                CAN1_Error_IRQHandler
 .text.CAN1_ORed_0_15_MB_IRQHandler
                0x00002e2e        0xa ./SDK/platform/drivers/src/flexcan/flexcan_irq.o
                0x00002e2e                CAN1_ORed_0_15_MB_IRQHandler
 .text.CAN2_ORed_IRQHandler
                0x00002e38        0xa ./SDK/platform/drivers/src/flexcan/flexcan_irq.o
                0x00002e38                CAN2_ORed_IRQHandler
 .text.CAN2_Error_IRQHandler
                0x00002e42        0xa ./SDK/platform/drivers/src/flexcan/flexcan_irq.o
                0x00002e42                CAN2_Error_IRQHandler
 .text.CAN2_ORed_0_15_MB_IRQHandler
                0x00002e4c        0xa ./SDK/platform/drivers/src/flexcan/flexcan_irq.o
                0x00002e4c                CAN2_ORed_0_15_MB_IRQHandler
 *fill*         0x00002e56        0x2 
 .text.INT_SYS_InstallHandler
                0x00002e58       0x60 ./SDK/platform/drivers/src/interrupt/interrupt_manager.o
                0x00002e58                INT_SYS_InstallHandler
 .text.INT_SYS_EnableIRQ
                0x00002eb8       0x28 ./SDK/platform/drivers/src/interrupt/interrupt_manager.o
                0x00002eb8                INT_SYS_EnableIRQ
 .text.INT_SYS_EnableIRQGlobal
                0x00002ee0       0x1c ./SDK/platform/drivers/src/interrupt/interrupt_manager.o
                0x00002ee0                INT_SYS_EnableIRQGlobal
 .text.INT_SYS_DisableIRQGlobal
                0x00002efc       0x10 ./SDK/platform/drivers/src/interrupt/interrupt_manager.o
                0x00002efc                INT_SYS_DisableIRQGlobal
 .text.PINS_DRV_Init
                0x00002f0c       0x20 ./SDK/platform/drivers/src/pins/pins_driver.o
                0x00002f0c                PINS_DRV_Init
 .text.PINS_DRV_SetPinIntSel
                0x00002f2c       0x20 ./SDK/platform/drivers/src/pins/pins_driver.o
                0x00002f2c                PINS_DRV_SetPinIntSel
 .text.PINS_DRV_ClearPinIntFlagCmd
                0x00002f4c       0x16 ./SDK/platform/drivers/src/pins/pins_driver.o
                0x00002f4c                PINS_DRV_ClearPinIntFlagCmd
 .text.PINS_DRV_GetPortIntFlag
                0x00002f62        0x6 ./SDK/platform/drivers/src/pins/pins_driver.o
                0x00002f62                PINS_DRV_GetPortIntFlag
 .text.PINS_DRV_ClearPortIntFlagCmd
                0x00002f68        0xa ./SDK/platform/drivers/src/pins/pins_driver.o
                0x00002f68                PINS_DRV_ClearPortIntFlagCmd
 .text.PINS_DRV_SetPinsDirection
                0x00002f72        0x4 ./SDK/platform/drivers/src/pins/pins_driver.o
                0x00002f72                PINS_DRV_SetPinsDirection
 .text.PINS_DRV_ClearPins
                0x00002f76        0x4 ./SDK/platform/drivers/src/pins/pins_driver.o
                0x00002f76                PINS_DRV_ClearPins
 .text.PINS_DRV_TogglePins
                0x00002f7a        0x4 ./SDK/platform/drivers/src/pins/pins_driver.o
                0x00002f7a                PINS_DRV_TogglePins
 *fill*         0x00002f7e        0x2 
 .text.PINS_GetAdcInterleaveVal
                0x00002f80       0x70 ./SDK/platform/drivers/src/pins/pins_port_hw_access.o
 .text.PINS_Init
                0x00002ff0      0x138 ./SDK/platform/drivers/src/pins/pins_port_hw_access.o
                0x00002ff0                PINS_Init
 .text.CAN_FindFlexCANState
                0x00003128       0x14 ./SDK/platform/pal/src/can/can_pal.o
 .text.CAN_Init
                0x0000313c       0xfc ./SDK/platform/pal/src/can/can_pal.o
                0x0000313c                CAN_Init
 .text.CAN_ConfigTxBuff
                0x00003238       0xa8 ./SDK/platform/pal/src/can/can_pal.o
                0x00003238                CAN_ConfigTxBuff
 .text.CAN_ConfigRxBuff
                0x000032e0       0xbc ./SDK/platform/pal/src/can/can_pal.o
                0x000032e0                CAN_ConfigRxBuff
 .text.CAN_Send
                0x0000339c       0xac ./SDK/platform/pal/src/can/can_pal.o
                0x0000339c                CAN_Send
 .text.CAN_Receive
                0x00003448       0x64 ./SDK/platform/pal/src/can/can_pal.o
                0x00003448                CAN_Receive
 .text.CAN_GetTransferStatus
                0x000034ac       0x50 ./SDK/platform/pal/src/can/can_pal.o
                0x000034ac                CAN_GetTransferStatus
 .text.SysTick_Handler
                0x000034fc       0x10 ./SDK/rtos/osif/osif_baremetal.o
                0x000034fc                SysTick_Handler
 .text.OSIF_SemaPost
                0x0000350c       0x2c ./SDK/rtos/osif/osif_baremetal.o
                0x0000350c                OSIF_SemaPost
 .text.OSIF_SemaCreate
                0x00003538       0x1a ./SDK/rtos/osif/osif_baremetal.o
                0x00003538                OSIF_SemaCreate
 .text.OSIF_SemaDestroy
                0x00003552        0xa ./SDK/rtos/osif/osif_baremetal.o
                0x00003552                OSIF_SemaDestroy
 .text.buttonISR
                0x0000355c       0x88 ./src/main.o
                0x0000355c                buttonISR
 .text.BoardInit
                0x000035e4       0x1c ./src/main.o
                0x000035e4                BoardInit
 .text.GPIOInit
                0x00003600       0x5c ./src/main.o
                0x00003600                GPIOInit
 .text.main     0x0000365c       0x84 ./src/main.o
                0x0000365c                main
 .text.memset   0x000036e0       0x10 C:/NXP/S32DS.3.5/S32DS/build_tools/gcc_b1620/gcc-6.3-arm32-eabi/arm-none-eabi/newlib/lib/thumb/v7e-m/fpv4-sp/hard\libc_nano.a(lib_a-memset.o)
                0x000036e0                memset
 *(.rodata)
 *(.rodata*)
 .rodata.clockNameMappings
                0x000036f0       0x9e ./SDK/platform/drivers/src/clock/S32K1xx/clock_S32K1xx.o
                0x000036f0                clockNameMappings
 *fill*         0x0000378e        0x2 
 .rodata.maxSysClksInHSRUN.7631
                0x00003790       0x54 ./SDK/platform/drivers/src/clock/S32K1xx/clock_S32K1xx.o
 .rodata.maxSysClksInRUN.7630
                0x000037e4       0x54 ./SDK/platform/drivers/src/clock/S32K1xx/clock_S32K1xx.o
 .rodata.maxSysClksInVLPR.7629
                0x00003838       0x54 ./SDK/platform/drivers/src/clock/S32K1xx/clock_S32K1xx.o
 .rodata.fdInstances.7260
                0x0000388c        0x3 ./SDK/platform/drivers/src/flexcan/flexcan_driver.o
 *fill*         0x0000388f        0x1 
 .rodata.g_flexcanBase
                0x00003890        0xc ./SDK/platform/drivers/src/flexcan/flexcan_driver.o
 .rodata.g_flexcanBusOffIrqId
                0x0000389c        0x3 ./SDK/platform/drivers/src/flexcan/flexcan_driver.o
 *fill*         0x0000389f        0x1 
 .rodata.g_flexcanErrorIrqId
                0x000038a0        0x3 ./SDK/platform/drivers/src/flexcan/flexcan_driver.o
 *fill*         0x000038a3        0x1 
 .rodata.g_flexcanOredMessageBufferIrqId
                0x000038a4        0x6 ./SDK/platform/drivers/src/flexcan/flexcan_driver.o
 *fill*         0x000038aa        0x2 
 .rodata.g_flexcanWakeUpIrqId
                0x000038ac        0x3 ./SDK/platform/drivers/src/flexcan/flexcan_driver.o
 *fill*         0x000038af        0x1 
 .rodata.payload_code.7358
                0x000038b0       0x41 ./SDK/platform/drivers/src/flexcan/flexcan_hw_access.o
 *fill*         0x000038f1        0x3 
 .rodata.can_pal1_Config0
                0x000038f4       0x34 ./board/peripherals_can_pal1.o
                0x000038f4                can_pal1_Config0
 *(.init)
 .init          0x00003928        0x4 c:/nxp/s32ds.3.5/s32ds/build_tools/gcc_b1620/gcc-6.3-arm32-eabi/bin/../lib/gcc/arm-none-eabi/6.3.1/thumb/v7e-m/fpv4-sp/hard/crti.o
                0x00003928                _init
 *(.fini)
 .fini          0x0000392c        0x4 c:/nxp/s32ds.3.5/s32ds/build_tools/gcc_b1620/gcc-6.3-arm32-eabi/bin/../lib/gcc/arm-none-eabi/6.3.1/thumb/v7e-m/fpv4-sp/hard/crti.o
                0x0000392c                _fini
 *(.eh_frame)
                0x00003930                . = ALIGN (0x4)

.glue_7         0x00003930        0x0
 .glue_7        0x00003930        0x0 linker stubs

.glue_7t        0x00003930        0x0
 .glue_7t       0x00003930        0x0 linker stubs

.vfp11_veneer   0x00003930        0x0
 .vfp11_veneer  0x00003930        0x0 linker stubs

.v4_bx          0x00003930        0x0
 .v4_bx         0x00003930        0x0 linker stubs

.iplt           0x00003930        0x0
 .iplt          0x00003930        0x0 ./Project_Settings/Startup_Code/startup_S32K144.o

.rel.dyn        0x00003930        0x0
 .rel.iplt      0x00003930        0x0 ./Project_Settings/Startup_Code/startup_S32K144.o

.ARM            0x00003930        0x0
                0x00003930                __exidx_start = .
 *(.ARM.exidx*)
                0x00003930                __exidx_end = .
                0x00003930                __etext = .
                0x00003930                __DATA_ROM = .

.interrupts_ram
                0x1fff8000      0x400
                0x1fff8000                . = ALIGN (0x4)
                0x1fff8000                __VECTOR_RAM__ = .
                0x1fff8000                __RAM_START = .
                0x1fff8000                __interrupts_ram_start__ = .
 *(.m_interrupts_ram)
                0x1fff8400                . = (. + M_VECTOR_RAM_SIZE)
 *fill*         0x1fff8000      0x400 
                0x1fff8400                . = ALIGN (0x4)
                0x1fff8400                __interrupts_ram_end__ = .
                0x1fff8000                __VECTOR_RAM = DEFINED (__flash_vector_table__)?ORIGIN (m_interrupts):__VECTOR_RAM__
                0x00000400                __RAM_VECTOR_TABLE_SIZE = DEFINED (__flash_vector_table__)?0x0:(__interrupts_ram_end__ - __interrupts_ram_start__)

.data           0x1fff8400      0x288 load address 0x00003930
                0x1fff8400                . = ALIGN (0x4)
                0x1fff8400                __DATA_RAM = .
                0x1fff8400                __data_start__ = .
 *(.data)
 *(.data*)
 .data.peripheralClockConfig.7378
                0x1fff8400       0xa0 ./SDK/platform/drivers/src/clock/S32K1xx/clock_S32K1xx.o
 .data.clockMan1_InitConfig0
                0x1fff84a0       0x88 ./board/clock_config.o
                0x1fff84a0                clockMan1_InitConfig0
 .data.peripheralClockConfig0
                0x1fff8528       0xa0 ./board/clock_config.o
                0x1fff8528                peripheralClockConfig0
 .data.g_pin_mux_InitConfigArr0
                0x1fff85c8       0xc0 ./board/pin_mux.o
                0x1fff85c8                g_pin_mux_InitConfigArr0
                0x1fff8688                . = ALIGN (0x4)
                0x1fff8688                __data_end__ = .
                0x00003bb8                __DATA_END = (__DATA_ROM + (__data_end__ - __data_start__))
                0x00003bb8                __CODE_ROM = __DATA_END

.igot.plt       0x1fff8688        0x0 load address 0x00003bb8
 .igot.plt      0x1fff8688        0x0 ./Project_Settings/Startup_Code/startup_S32K144.o

.code           0x1fff8688        0x0 load address 0x00003bb8
                0x1fff8688                . = ALIGN (0x4)
                0x1fff8688                __CODE_RAM = .
                0x1fff8688                __code_start__ = .
                0x1fff8688                __code_ram_start__ = .
 *(.code_ram)
                0x1fff8688                . = ALIGN (0x4)
                0x1fff8688                __code_end__ = .
                0x1fff8688                __code_ram_end__ = .
                0x00003bb8                __CODE_END = (__CODE_ROM + (__code_end__ - __code_start__))
                0x00003bb8                __CUSTOM_ROM = __CODE_END

.customSectionBlock
                0x20000000        0x0 load address 0x00003bb8
                0x20000000                __customSection_start__ = .
 *(.customSection)
                0x20000000                __customSection_end__ = .
                0x00003bb8                __CUSTOM_END = (__CUSTOM_ROM + (__customSection_end__ - __customSection_start__))
                0x00003bb8                __rom_end = __CUSTOM_END

.bss            0x20000000      0x1d8
                0x20000000                . = ALIGN (0x4)
                0x20000000                __BSS_START = .
                0x20000000                __bss_start__ = .
 *(.bss)
 *(.bss*)
 .bss.g_RtcClkInFreq
                0x20000000        0x4 ./SDK/platform/drivers/src/clock/S32K1xx/clock_S32K1xx.o
                0x20000000                g_RtcClkInFreq
 .bss.g_TClkFreq
                0x20000004        0xc ./SDK/platform/drivers/src/clock/S32K1xx/clock_S32K1xx.o
                0x20000004                g_TClkFreq
 .bss.g_xtal0ClkFreq
                0x20000010        0x4 ./SDK/platform/drivers/src/clock/S32K1xx/clock_S32K1xx.o
                0x20000010                g_xtal0ClkFreq
 .bss.s_virtEdmaState
                0x20000014        0x4 ./SDK/platform/drivers/src/edma/edma_driver.o
 .bss.g_flexcanStatePtr
                0x20000018        0xc ./SDK/platform/drivers/src/flexcan/flexcan_driver.o
 .bss.g_interruptDisableCount
                0x20000024        0x4 ./SDK/platform/drivers/src/interrupt/interrupt_manager.o
 .bss.s_flexcanRxFifoState
                0x20000028        0x2 ./SDK/platform/pal/src/can/can_pal.o
 *fill*         0x2000002a        0x2 
 .bss.s_flexcanState
                0x2000002c      0x114 ./SDK/platform/pal/src/can/can_pal.o
 .bss.s_flexcanStateInstanceMapping
                0x20000140        0x4 ./SDK/platform/pal/src/can/can_pal.o
 .bss.s_flexcanStateIsAllocated
                0x20000144        0x1 ./SDK/platform/pal/src/can/can_pal.o
 *fill*         0x20000145        0x3 
 .bss.s_hwObjConfigs
                0x20000148       0x80 ./SDK/platform/pal/src/can/can_pal.o
 .bss.s_osif_tick_cnt
                0x200001c8        0x4 ./SDK/rtos/osif/osif_baremetal.o
 .bss.can_pal1_instance
                0x200001cc        0x8 ./board/peripherals_can_pal1.o
                0x200001cc                can_pal1_instance
 .bss.ledRequested
                0x200001d4        0x1 ./src/main.o
                0x200001d4                ledRequested
 *(COMMON)
                0x200001d8                . = ALIGN (0x4)
 *fill*         0x200001d5        0x3 
                0x200001d8                __bss_end__ = .
                0x200001d8                __BSS_END = .

.heap           0x200001d8      0x400
                0x200001d8                . = ALIGN (0x8)
                0x200001d8                __end__ = .
                0x200001d8                __heap_start__ = .
                [!provide]                PROVIDE (end = .)
                [!provide]                PROVIDE (_end = .)
                [!provide]                PROVIDE (__end = .)
                0x200001d8                __HeapBase = .
                0x200005d8                . = (. + HEAP_SIZE)
 *fill*         0x200001d8      0x400 
                0x200005d8                __HeapLimit = .
                0x200005d8                __heap_limit = .
                0x200005d8                __heap_end__ = .
                0x20007000                __StackTop = (ORIGIN (m_data_2) + LENGTH (m_data_2))
                0x20006c00                __StackLimit = (__StackTop - STACK_SIZE)
                0x20007000                PROVIDE (__stack = __StackTop)
                0x20007000                __RAM_END = __StackTop

.stack          0x20006c00      0x400
                0x20006c00                . = ALIGN (0x8)
                0x20006c00                __stack_start__ = .
                0x20007000                . = (. + STACK_SIZE)
 *fill*         0x20006c00      0x400 
                0x20007000                __stack_end__ = .

.ARM.attributes
                0x00000000       0x30
 *(.ARM.attributes)
 .ARM.attributes
                0x00000000       0x22 c:/nxp/s32ds.3.5/s32ds/build_tools/gcc_b1620/gcc-6.3-arm32-eabi/bin/../lib/gcc/arm-none-eabi/6.3.1/thumb/v7e-m/fpv4-sp/hard/crti.o
 .ARM.attributes
                0x00000022       0x1f ./Project_Settings/Startup_Code/startup_S32K144.o
 .ARM.attributes
                0x00000041       0x39 ./SDK/platform/devices/S32K144/startup/system_S32K144.o
 .ARM.attributes
                0x0000007a       0x39 ./SDK/platform/devices/startup.o
 .ARM.attributes
                0x000000b3       0x39 ./SDK/platform/drivers/src/clock/S32K1xx/clock_S32K1xx.o
 .ARM.attributes
                0x000000ec       0x39 ./SDK/platform/drivers/src/edma/edma_driver.o
 .ARM.attributes
                0x00000125       0x39 ./SDK/platform/drivers/src/edma/edma_hw_access.o
 .ARM.attributes
                0x0000015e       0x39 ./SDK/platform/drivers/src/edma/edma_irq.o
 .ARM.attributes
                0x00000197       0x39 ./SDK/platform/drivers/src/flexcan/flexcan_driver.o
 .ARM.attributes
                0x000001d0       0x39 ./SDK/platform/drivers/src/flexcan/flexcan_hw_access.o
 .ARM.attributes
                0x00000209       0x39 ./SDK/platform/drivers/src/flexcan/flexcan_irq.o
 .ARM.attributes
                0x00000242       0x39 ./SDK/platform/drivers/src/interrupt/interrupt_manager.o
 .ARM.attributes
                0x0000027b       0x39 ./SDK/platform/drivers/src/pins/pins_driver.o
 .ARM.attributes
                0x000002b4       0x39 ./SDK/platform/drivers/src/pins/pins_port_hw_access.o
 .ARM.attributes
                0x000002ed       0x39 ./SDK/platform/pal/src/can/can_pal.o
 .ARM.attributes
                0x00000326       0x39 ./SDK/rtos/osif/osif_baremetal.o
 .ARM.attributes
                0x0000035f       0x39 ./board/clock_config.o
 .ARM.attributes
                0x00000398       0x39 ./board/peripherals_can_pal1.o
 .ARM.attributes
                0x000003d1       0x39 ./board/pin_mux.o
 .ARM.attributes
                0x0000040a       0x39 ./src/main.o
 .ARM.attributes
                0x00000443       0x34 C:/NXP/S32DS.3.5/S32DS/build_tools/gcc_b1620/gcc-6.3-arm32-eabi/arm-none-eabi/newlib/lib/thumb/v7e-m/fpv4-sp/hard\libc_nano.a(lib_a-memset.o)
                0x00000001                ASSERT ((__rom_end <= (ORIGIN (m_text) + LENGTH (m_text))), Region m_text overflowed!)
                0x00000001                ASSERT ((__StackLimit >= __HeapLimit), region m_data_2 overflowed with stack and heap)
OUTPUT(can_pal_s32k144.elf elf32-littlearm)

.debug_line     0x00000000     0x9569
 .debug_line    0x00000000       0xcc ./Project_Settings/Startup_Code/startup_S32K144.o
 .debug_line    0x000000cc      0x427 ./SDK/platform/devices/S32K144/startup/system_S32K144.o
 .debug_line    0x000004f3      0x3b5 ./SDK/platform/devices/startup.o
 .debug_line    0x000008a8     0x150b ./SDK/platform/drivers/src/clock/S32K1xx/clock_S32K1xx.o
 .debug_line    0x00001db3     0x10e7 ./SDK/platform/drivers/src/edma/edma_driver.o
 .debug_line    0x00002e9a      0x61c ./SDK/platform/drivers/src/edma/edma_hw_access.o
 .debug_line    0x000034b6      0x583 ./SDK/platform/drivers/src/edma/edma_irq.o
 .debug_line    0x00003a39     0x1358 ./SDK/platform/drivers/src/flexcan/flexcan_driver.o
 .debug_line    0x00004d91      0xb1f ./SDK/platform/drivers/src/flexcan/flexcan_hw_access.o
 .debug_line    0x000058b0      0x4a9 ./SDK/platform/drivers/src/flexcan/flexcan_irq.o
 .debug_line    0x00005d59      0x5ae ./SDK/platform/drivers/src/interrupt/interrupt_manager.o
 .debug_line    0x00006307      0x6f5 ./SDK/platform/drivers/src/pins/pins_driver.o
 .debug_line    0x000069fc      0x5b4 ./SDK/platform/drivers/src/pins/pins_port_hw_access.o
 .debug_line    0x00006fb0      0xb62 ./SDK/platform/pal/src/can/can_pal.o
 .debug_line    0x00007b12      0x654 ./SDK/rtos/osif/osif_baremetal.o
 .debug_line    0x00008166      0x455 ./board/clock_config.o
 .debug_line    0x000085bb      0x52d ./board/peripherals_can_pal1.o
 .debug_line    0x00008ae8      0x3ee ./board/pin_mux.o
 .debug_line    0x00008ed6      0x693 ./src/main.o

.debug_info     0x00000000    0x1d047
 .debug_info    0x00000000       0x26 ./Project_Settings/Startup_Code/startup_S32K144.o
 .debug_info    0x00000026      0x521 ./SDK/platform/devices/S32K144/startup/system_S32K144.o
 .debug_info    0x00000547      0x2ad ./SDK/platform/devices/startup.o
 .debug_info    0x000007f4     0x6226 ./SDK/platform/drivers/src/clock/S32K1xx/clock_S32K1xx.o
 .debug_info    0x00006a1a     0x489e ./SDK/platform/drivers/src/edma/edma_driver.o
 .debug_info    0x0000b2b8      0xa52 ./SDK/platform/drivers/src/edma/edma_hw_access.o
 .debug_info    0x0000bd0a      0x6da ./SDK/platform/drivers/src/edma/edma_irq.o
 .debug_info    0x0000c3e4     0x5b81 ./SDK/platform/drivers/src/flexcan/flexcan_driver.o
 .debug_info    0x00011f65     0x2028 ./SDK/platform/drivers/src/flexcan/flexcan_hw_access.o
 .debug_info    0x00013f8d      0x280 ./SDK/platform/drivers/src/flexcan/flexcan_irq.o
 .debug_info    0x0001420d      0xc99 ./SDK/platform/drivers/src/interrupt/interrupt_manager.o
 .debug_info    0x00014ea6     0x14b7 ./SDK/platform/drivers/src/pins/pins_driver.o
 .debug_info    0x0001635d      0x9a5 ./SDK/platform/drivers/src/pins/pins_port_hw_access.o
 .debug_info    0x00016d02     0x2092 ./SDK/platform/pal/src/can/can_pal.o
 .debug_info    0x00018d94      0xbce ./SDK/rtos/osif/osif_baremetal.o
 .debug_info    0x00019962     0x12b9 ./board/clock_config.o
 .debug_info    0x0001ac1b      0x24f ./board/peripherals_can_pal1.o
 .debug_info    0x0001ae6a      0x409 ./board/pin_mux.o
 .debug_info    0x0001b273     0x1dd4 ./src/main.o

.debug_abbrev   0x00000000     0x28e0
 .debug_abbrev  0x00000000       0x14 ./Project_Settings/Startup_Code/startup_S32K144.o
 .debug_abbrev  0x00000014      0x141 ./SDK/platform/devices/S32K144/startup/system_S32K144.o
 .debug_abbrev  0x00000155       0xe1 ./SDK/platform/devices/startup.o
 .debug_abbrev  0x00000236      0x409 ./SDK/platform/drivers/src/clock/S32K1xx/clock_S32K1xx.o
 .debug_abbrev  0x0000063f      0x412 ./SDK/platform/drivers/src/edma/edma_driver.o
 .debug_abbrev  0x00000a51      0x240 ./SDK/platform/drivers/src/edma/edma_hw_access.o
 .debug_abbrev  0x00000c91      0x1b9 ./SDK/platform/drivers/src/edma/edma_irq.o
 .debug_abbrev  0x00000e4a      0x45b ./SDK/platform/drivers/src/flexcan/flexcan_driver.o
 .debug_abbrev  0x000012a5      0x3a5 ./SDK/platform/drivers/src/flexcan/flexcan_hw_access.o
 .debug_abbrev  0x0000164a       0x6d ./SDK/platform/drivers/src/flexcan/flexcan_irq.o
 .debug_abbrev  0x000016b7      0x278 ./SDK/platform/drivers/src/interrupt/interrupt_manager.o
 .debug_abbrev  0x0000192f      0x2f6 ./SDK/platform/drivers/src/pins/pins_driver.o
 .debug_abbrev  0x00001c25      0x232 ./SDK/platform/drivers/src/pins/pins_port_hw_access.o
 .debug_abbrev  0x00001e57      0x317 ./SDK/platform/pal/src/can/can_pal.o
 .debug_abbrev  0x0000216e      0x2df ./SDK/rtos/osif/osif_baremetal.o
 .debug_abbrev  0x0000244d      0x125 ./board/clock_config.o
 .debug_abbrev  0x00002572       0x96 ./board/peripherals_can_pal1.o
 .debug_abbrev  0x00002608       0xcd ./board/pin_mux.o
 .debug_abbrev  0x000026d5      0x20b ./src/main.o

.debug_aranges  0x00000000      0xa38
 .debug_aranges
                0x00000000       0x20 ./Project_Settings/Startup_Code/startup_S32K144.o
 .debug_aranges
                0x00000020       0x30 ./SDK/platform/devices/S32K144/startup/system_S32K144.o
 .debug_aranges
                0x00000050       0x20 ./SDK/platform/devices/startup.o
 .debug_aranges
                0x00000070      0x128 ./SDK/platform/drivers/src/clock/S32K1xx/clock_S32K1xx.o
 .debug_aranges
                0x00000198      0x140 ./SDK/platform/drivers/src/edma/edma_driver.o
 .debug_aranges
                0x000002d8       0x88 ./SDK/platform/drivers/src/edma/edma_hw_access.o
 .debug_aranges
                0x00000360       0xa0 ./SDK/platform/drivers/src/edma/edma_irq.o
 .debug_aranges
                0x00000400      0x198 ./SDK/platform/drivers/src/flexcan/flexcan_driver.o
 .debug_aranges
                0x00000598       0xf8 ./SDK/platform/drivers/src/flexcan/flexcan_hw_access.o
 .debug_aranges
                0x00000690       0x80 ./SDK/platform/drivers/src/flexcan/flexcan_irq.o
 .debug_aranges
                0x00000710       0x70 ./SDK/platform/drivers/src/interrupt/interrupt_manager.o
 .debug_aranges
                0x00000780       0xe0 ./SDK/platform/drivers/src/pins/pins_driver.o
 .debug_aranges
                0x00000860       0x40 ./SDK/platform/drivers/src/pins/pins_port_hw_access.o
 .debug_aranges
                0x000008a0       0xa8 ./SDK/platform/pal/src/can/can_pal.o
 .debug_aranges
                0x00000948       0x70 ./SDK/rtos/osif/osif_baremetal.o
 .debug_aranges
                0x000009b8       0x18 ./board/clock_config.o
 .debug_aranges
                0x000009d0       0x18 ./board/peripherals_can_pal1.o
 .debug_aranges
                0x000009e8       0x18 ./board/pin_mux.o
 .debug_aranges
                0x00000a00       0x38 ./src/main.o

.debug_str      0x00000000    0x7360b
 .debug_str     0x00000000       0xba ./Project_Settings/Startup_Code/startup_S32K144.o
 .debug_str     0x000000ba    0x6881b ./SDK/platform/devices/S32K144/startup/system_S32K144.o
                              0x689a6 (size before relaxing)
 .debug_str     0x000688d5      0x399 ./SDK/platform/devices/startup.o
                              0x68b18 (size before relaxing)
 .debug_str     0x00068c6e     0x40f8 ./SDK/platform/drivers/src/clock/S32K1xx/clock_S32K1xx.o
                              0x6cc2c (size before relaxing)
 .debug_str     0x0006cd66     0x1f51 ./SDK/platform/drivers/src/edma/edma_driver.o
                              0x6b8e6 (size before relaxing)
 .debug_str     0x0006ecb7       0x78 ./SDK/platform/drivers/src/edma/edma_hw_access.o
                              0x69077 (size before relaxing)
 .debug_str     0x0006ed2f      0x194 ./SDK/platform/drivers/src/edma/edma_irq.o
                              0x68d82 (size before relaxing)
 .debug_str     0x0006eec3     0x2876 ./SDK/platform/drivers/src/flexcan/flexcan_driver.o
                              0x6c9d1 (size before relaxing)
 .debug_str     0x00071739      0x542 ./SDK/platform/drivers/src/flexcan/flexcan_hw_access.o
                              0x6ae5e (size before relaxing)
 .debug_str     0x00071c7b      0x1ae ./SDK/platform/drivers/src/flexcan/flexcan_irq.o
                              0x688c2 (size before relaxing)
 .debug_str     0x00071e29      0x1c0 ./SDK/platform/drivers/src/interrupt/interrupt_manager.o
                              0x692a1 (size before relaxing)
 .debug_str     0x00071fe9      0x9d0 ./SDK/platform/drivers/src/pins/pins_driver.o
                              0x69c74 (size before relaxing)
 .debug_str     0x000729b9      0x1cf ./SDK/platform/drivers/src/pins/pins_port_hw_access.o
                              0x6915c (size before relaxing)
 .debug_str     0x00072b88      0x484 ./SDK/platform/pal/src/can/can_pal.o
                              0x6a3fb (size before relaxing)
 .debug_str     0x0007300c      0x1e9 ./SDK/rtos/osif/osif_baremetal.o
                              0x69ae3 (size before relaxing)
 .debug_str     0x000731f5       0xda ./board/clock_config.o
                              0x6aa4e (size before relaxing)
 .debug_str     0x000732cf       0x4f ./board/peripherals_can_pal1.o
                              0x68d57 (size before relaxing)
 .debug_str     0x0007331e      0x143 ./board/pin_mux.o
                              0x68f0b (size before relaxing)
 .debug_str     0x00073461      0x1aa ./src/main.o
                              0x6b9f6 (size before relaxing)

.debug_loc      0x00000000    0x110ca
 .debug_loc     0x00000000       0xeb ./SDK/platform/devices/S32K144/startup/system_S32K144.o
 .debug_loc     0x000000eb       0xec ./SDK/platform/devices/startup.o
 .debug_loc     0x000001d7     0x4dac ./SDK/platform/drivers/src/clock/S32K1xx/clock_S32K1xx.o
 .debug_loc     0x00004f83     0x336f ./SDK/platform/drivers/src/edma/edma_driver.o
 .debug_loc     0x000082f2      0x7b9 ./SDK/platform/drivers/src/edma/edma_hw_access.o
 .debug_loc     0x00008aab       0x50 ./SDK/platform/drivers/src/edma/edma_irq.o
 .debug_loc     0x00008afb     0x3aac ./SDK/platform/drivers/src/flexcan/flexcan_driver.o
 .debug_loc     0x0000c5a7     0x1d02 ./SDK/platform/drivers/src/flexcan/flexcan_hw_access.o
 .debug_loc     0x0000e2a9      0x678 ./SDK/platform/drivers/src/interrupt/interrupt_manager.o
 .debug_loc     0x0000e921      0x7c7 ./SDK/platform/drivers/src/pins/pins_driver.o
 .debug_loc     0x0000f0e8      0x639 ./SDK/platform/drivers/src/pins/pins_port_hw_access.o
 .debug_loc     0x0000f721     0x15d8 ./SDK/platform/pal/src/can/can_pal.o
 .debug_loc     0x00010cf9      0x353 ./SDK/rtos/osif/osif_baremetal.o
 .debug_loc     0x0001104c       0x7e ./src/main.o

.debug_ranges   0x00000000      0xeb0
 .debug_ranges  0x00000000       0x20 ./SDK/platform/devices/S32K144/startup/system_S32K144.o
 .debug_ranges  0x00000020       0x10 ./SDK/platform/devices/startup.o
 .debug_ranges  0x00000030      0x3c8 ./SDK/platform/drivers/src/clock/S32K1xx/clock_S32K1xx.o
 .debug_ranges  0x000003f8      0x190 ./SDK/platform/drivers/src/edma/edma_driver.o
 .debug_ranges  0x00000588       0x90 ./SDK/platform/drivers/src/edma/edma_hw_access.o
 .debug_ranges  0x00000618       0x90 ./SDK/platform/drivers/src/edma/edma_irq.o
 .debug_ranges  0x000006a8      0x300 ./SDK/platform/drivers/src/flexcan/flexcan_driver.o
 .debug_ranges  0x000009a8      0x148 ./SDK/platform/drivers/src/flexcan/flexcan_hw_access.o
 .debug_ranges  0x00000af0       0x70 ./SDK/platform/drivers/src/flexcan/flexcan_irq.o
 .debug_ranges  0x00000b60       0x98 ./SDK/platform/drivers/src/interrupt/interrupt_manager.o
 .debug_ranges  0x00000bf8       0xd0 ./SDK/platform/drivers/src/pins/pins_driver.o
 .debug_ranges  0x00000cc8       0x48 ./SDK/platform/drivers/src/pins/pins_port_hw_access.o
 .debug_ranges  0x00000d10       0xe0 ./SDK/platform/pal/src/can/can_pal.o
 .debug_ranges  0x00000df0       0x98 ./SDK/rtos/osif/osif_baremetal.o
 .debug_ranges  0x00000e88       0x28 ./src/main.o

.debug_macro    0x00000000    0x20d81
 .debug_macro   0x00000000       0xb6 ./SDK/platform/devices/S32K144/startup/system_S32K144.o
 .debug_macro   0x000000b6      0x8d4 ./SDK/platform/devices/S32K144/startup/system_S32K144.o
 .debug_macro   0x0000098a       0x10 ./SDK/platform/devices/S32K144/startup/system_S32K144.o
 .debug_macro   0x0000099a       0x79 ./SDK/platform/devices/S32K144/startup/system_S32K144.o
 .debug_macro   0x00000a13       0x19 ./SDK/platform/devices/S32K144/startup/system_S32K144.o
 .debug_macro   0x00000a2c       0x22 ./SDK/platform/devices/S32K144/startup/system_S32K144.o
 .debug_macro   0x00000a4e       0x56 ./SDK/platform/devices/S32K144/startup/system_S32K144.o
 .debug_macro   0x00000aa4       0x51 ./SDK/platform/devices/S32K144/startup/system_S32K144.o
 .debug_macro   0x00000af5       0xef ./SDK/platform/devices/S32K144/startup/system_S32K144.o
 .debug_macro   0x00000be4       0x6a ./SDK/platform/devices/S32K144/startup/system_S32K144.o
 .debug_macro   0x00000c4e      0x1df ./SDK/platform/devices/S32K144/startup/system_S32K144.o
 .debug_macro   0x00000e2d     0xed1d ./SDK/platform/devices/S32K144/startup/system_S32K144.o
 .debug_macro   0x0000fb4a      0xbbd ./SDK/platform/devices/S32K144/startup/system_S32K144.o
 .debug_macro   0x00010707       0x22 ./SDK/platform/devices/S32K144/startup/system_S32K144.o
 .debug_macro   0x00010729       0x28 ./SDK/platform/devices/S32K144/startup/system_S32K144.o
 .debug_macro   0x00010751       0xb6 ./SDK/platform/devices/startup.o
 .debug_macro   0x00010807     0xed32 ./SDK/platform/devices/startup.o
 .debug_macro   0x0001f539       0x40 ./SDK/platform/devices/startup.o
 .debug_macro   0x0001f579      0x2b0 ./SDK/platform/drivers/src/clock/S32K1xx/clock_S32K1xx.o
 .debug_macro   0x0001f829      0x16d ./SDK/platform/drivers/src/clock/S32K1xx/clock_S32K1xx.o
 .debug_macro   0x0001f996       0x16 ./SDK/platform/drivers/src/clock/S32K1xx/clock_S32K1xx.o
 .debug_macro   0x0001f9ac       0x8a ./SDK/platform/drivers/src/clock/S32K1xx/clock_S32K1xx.o
 .debug_macro   0x0001fa36       0xf7 ./SDK/platform/drivers/src/edma/edma_driver.o
 .debug_macro   0x0001fb2d       0x10 ./SDK/platform/drivers/src/edma/edma_driver.o
 .debug_macro   0x0001fb3d       0x16 ./SDK/platform/drivers/src/edma/edma_driver.o
 .debug_macro   0x0001fb53       0xcc ./SDK/platform/drivers/src/edma/edma_hw_access.o
 .debug_macro   0x0001fc1f       0xd0 ./SDK/platform/drivers/src/edma/edma_irq.o
 .debug_macro   0x0001fcef      0x19a ./SDK/platform/drivers/src/flexcan/flexcan_driver.o
 .debug_macro   0x0001fe89       0x4c ./SDK/platform/drivers/src/flexcan/flexcan_driver.o
 .debug_macro   0x0001fed5       0x18 ./SDK/platform/drivers/src/flexcan/flexcan_driver.o
 .debug_macro   0x0001feed       0x5c ./SDK/platform/drivers/src/flexcan/flexcan_driver.o
 .debug_macro   0x0001ff49       0x35 ./SDK/platform/drivers/src/flexcan/flexcan_driver.o
 .debug_macro   0x0001ff7e       0x34 ./SDK/platform/drivers/src/flexcan/flexcan_driver.o
 .debug_macro   0x0001ffb2       0x16 ./SDK/platform/drivers/src/flexcan/flexcan_driver.o
 .debug_macro   0x0001ffc8       0x57 ./SDK/platform/drivers/src/flexcan/flexcan_driver.o
 .debug_macro   0x0002001f       0x10 ./SDK/platform/drivers/src/flexcan/flexcan_driver.o
 .debug_macro   0x0002002f      0x184 ./SDK/platform/drivers/src/flexcan/flexcan_driver.o
 .debug_macro   0x000201b3      0x170 ./SDK/platform/drivers/src/flexcan/flexcan_hw_access.o
 .debug_macro   0x00020323       0xb7 ./SDK/platform/drivers/src/flexcan/flexcan_irq.o
 .debug_macro   0x000203da       0xca ./SDK/platform/drivers/src/interrupt/interrupt_manager.o
 .debug_macro   0x000204a4       0xde ./SDK/platform/drivers/src/pins/pins_driver.o
 .debug_macro   0x00020582       0xde ./SDK/platform/drivers/src/pins/pins_port_hw_access.o
 .debug_macro   0x00020660      0x100 ./SDK/platform/pal/src/can/can_pal.o
 .debug_macro   0x00020760       0x16 ./SDK/platform/pal/src/can/can_pal.o
 .debug_macro   0x00020776       0xfb ./SDK/rtos/osif/osif_baremetal.o
 .debug_macro   0x00020871       0xd9 ./board/clock_config.o
 .debug_macro   0x0002094a       0x16 ./board/clock_config.o
 .debug_macro   0x00020960      0x10a ./board/peripherals_can_pal1.o
 .debug_macro   0x00020a6a       0xd9 ./board/pin_mux.o
 .debug_macro   0x00020b43       0x6a ./board/pin_mux.o
 .debug_macro   0x00020bad      0x1d4 ./src/main.o

.comment        0x00000000       0x7e
 .comment       0x00000000       0x7e ./SDK/platform/devices/S32K144/startup/system_S32K144.o
                                 0x7f (size before relaxing)
 .comment       0x0000007e       0x7f ./SDK/platform/devices/startup.o
 .comment       0x0000007e       0x7f ./SDK/platform/drivers/src/clock/S32K1xx/clock_S32K1xx.o
 .comment       0x0000007e       0x7f ./SDK/platform/drivers/src/edma/edma_driver.o
 .comment       0x0000007e       0x7f ./SDK/platform/drivers/src/edma/edma_hw_access.o
 .comment       0x0000007e       0x7f ./SDK/platform/drivers/src/edma/edma_irq.o
 .comment       0x0000007e       0x7f ./SDK/platform/drivers/src/flexcan/flexcan_driver.o
 .comment       0x0000007e       0x7f ./SDK/platform/drivers/src/flexcan/flexcan_hw_access.o
 .comment       0x0000007e       0x7f ./SDK/platform/drivers/src/flexcan/flexcan_irq.o
 .comment       0x0000007e       0x7f ./SDK/platform/drivers/src/interrupt/interrupt_manager.o
 .comment       0x0000007e       0x7f ./SDK/platform/drivers/src/pins/pins_driver.o
 .comment       0x0000007e       0x7f ./SDK/platform/drivers/src/pins/pins_port_hw_access.o
 .comment       0x0000007e       0x7f ./SDK/platform/pal/src/can/can_pal.o
 .comment       0x0000007e       0x7f ./SDK/rtos/osif/osif_baremetal.o
 .comment       0x0000007e       0x7f ./board/clock_config.o
 .comment       0x0000007e       0x7f ./board/peripherals_can_pal1.o
 .comment       0x0000007e       0x7f ./board/pin_mux.o
 .comment       0x0000007e       0x7f ./src/main.o

.debug_frame    0x00000000     0x1b74
 .debug_frame   0x00000000       0x40 ./SDK/platform/devices/S32K144/startup/system_S32K144.o
 .debug_frame   0x00000040       0x2c ./SDK/platform/devices/startup.o
 .debug_frame   0x0000006c      0x3a4 ./SDK/platform/drivers/src/clock/S32K1xx/clock_S32K1xx.o
 .debug_frame   0x00000410      0x3a0 ./SDK/platform/drivers/src/edma/edma_driver.o
 .debug_frame   0x000007b0      0x140 ./SDK/platform/drivers/src/edma/edma_hw_access.o
 .debug_frame   0x000008f0      0x1ac ./SDK/platform/drivers/src/edma/edma_irq.o
 .debug_frame   0x00000a9c      0x5a8 ./SDK/platform/drivers/src/flexcan/flexcan_driver.o
 .debug_frame   0x00001044      0x29c ./SDK/platform/drivers/src/flexcan/flexcan_hw_access.o
 .debug_frame   0x000012e0      0x148 ./SDK/platform/drivers/src/flexcan/flexcan_irq.o
 .debug_frame   0x00001428       0xd8 ./SDK/platform/drivers/src/interrupt/interrupt_manager.o
 .debug_frame   0x00001500      0x1e4 ./SDK/platform/drivers/src/pins/pins_driver.o
 .debug_frame   0x000016e4       0xa0 ./SDK/platform/drivers/src/pins/pins_port_hw_access.o
 .debug_frame   0x00001784      0x260 ./SDK/platform/pal/src/can/can_pal.o
 .debug_frame   0x000019e4       0xf4 ./SDK/rtos/osif/osif_baremetal.o
 .debug_frame   0x00001ad8       0x7c ./src/main.o
 .debug_frame   0x00001b54       0x20 C:/NXP/S32DS.3.5/S32DS/build_tools/gcc_b1620/gcc-6.3-arm32-eabi/arm-none-eabi/newlib/lib/thumb/v7e-m/fpv4-sp/hard\libc_nano.a(lib_a-memset.o)
